<testsuites id="" name="" tests="1" failures="0" skipped="0" errors="0" time="2.2892620000001043">
<testsuite name="API_reusing_data.spec.ts" timestamp="2026-10-08T12:28:34.496Z" hostname="chromium" tests="1" failures="0" skipped="0" time="0.562" errors="0">
<testcase name="Reusing Data between API Calls" classname="API_reusing_data.spec.ts" time="0.562">
</testcase>
</testsuite>
</testsuites>